Loading checkpoint shards:   0%|          | 0/3 [00:00<?, ?it/s]Loading checkpoint shards:  33%|███▎      | 1/3 [00:01<00:02,  1.48s/it]Loading checkpoint shards:  67%|██████▋   | 2/3 [00:02<00:01,  1.47s/it]Loading checkpoint shards: 100%|██████████| 3/3 [00:04<00:00,  1.41s/it]Loading checkpoint shards: 100%|██████████| 3/3 [00:04<00:00,  1.42s/it]
calibrated means over 32 items
baseline acc=0.607 [0.527, 0.681]  {'contradiction': 81, 'entailment': 69}

  L17 H0   acc=0.647  delta=+0.040   (1/192, 3.1/min, eta 62 min)
  L17 H1   acc=0.633  delta=+0.027   (2/192, 3.1/min, eta 62 min)
  L17 H2   acc=0.713  delta=+0.107   (3/192, 3.0/min, eta 62 min)
  L17 H3   acc=0.620  delta=+0.013   (4/192, 3.0/min, eta 62 min)
  L17 H4   acc=0.627  delta=+0.020   (5/192, 3.0/min, eta 62 min)
  L17 H5   acc=0.620  delta=+0.013   (6/192, 3.0/min, eta 61 min)
  L17 H6   acc=0.627  delta=+0.020   (7/192, 3.0/min, eta 61 min)
  L17 H7   acc=0.620  delta=+0.013   (8/192, 3.0/min, eta 61 min)
  L17 H8   acc=0.607  delta=+0.000   (9/192, 3.0/min, eta 61 min)
  L17 H9   acc=0.580  delta=-0.027   (10/192, 3.0/min, eta 60 min)
  L17 H10  acc=0.607  delta=+0.000   (11/192, 3.0/min, eta 60 min)
  L17 H11  acc=0.587  delta=-0.020   (12/192, 3.0/min, eta 60 min)
  L17 H12  acc=0.587  delta=-0.020   (13/192, 3.0/min, eta 60 min)
  L17 H13  acc=0.640  delta=+0.033   (14/192, 3.0/min, eta 59 min)
  L17 H14  acc=0.607  delta=+0.000   (15/192, 3.0/min, eta 59 min)
  L17 H15  acc=0.600  delta=-0.007   (16/192, 3.0/min, eta 59 min)
  L17 H16  acc=0.620  delta=+0.013   (17/192, 3.0/min, eta 58 min)
  L17 H17  acc=0.567  delta=-0.040   (18/192, 3.0/min, eta 58 min)
  L17 H18  acc=0.593  delta=-0.013   (19/192, 3.0/min, eta 58 min)
  L17 H19  acc=0.693  delta=+0.087   (20/192, 3.0/min, eta 57 min)
  L17 H20  acc=0.587  delta=-0.020   (21/192, 3.0/min, eta 57 min)
  L17 H21  acc=0.700  delta=+0.093   (22/192, 3.0/min, eta 57 min)
  L17 H22  acc=0.600  delta=-0.007   (23/192, 3.0/min, eta 56 min)
  L17 H23  acc=0.613  delta=+0.007   (24/192, 3.0/min, eta 56 min)
  L17 H24  acc=0.553  delta=-0.053   (25/192, 3.0/min, eta 56 min)
  L17 H25  acc=0.600  delta=-0.007   (26/192, 3.0/min, eta 55 min)
  L17 H26  acc=0.560  delta=-0.047   (27/192, 3.0/min, eta 55 min)
  L17 H27  acc=0.553  delta=-0.053   (28/192, 3.0/min, eta 55 min)
  L17 H28  acc=0.613  delta=+0.007   (29/192, 3.0/min, eta 54 min)
  L17 H29  acc=0.633  delta=+0.027   (30/192, 3.0/min, eta 54 min)
  L17 H30  acc=0.607  delta=+0.000   (31/192, 3.0/min, eta 54 min)
  L17 H31  acc=0.607  delta=+0.000   (32/192, 3.0/min, eta 53 min)
  L18 H0   acc=0.640  delta=+0.033   (33/192, 3.0/min, eta 53 min)
  L18 H1   acc=0.607  delta=+0.000   (34/192, 3.0/min, eta 53 min)
  L18 H2   acc=0.620  delta=+0.013   (35/192, 3.0/min, eta 52 min)
  L18 H3   acc=0.593  delta=-0.013   (36/192, 3.0/min, eta 52 min)
  L18 H4   acc=0.613  delta=+0.007   (37/192, 3.0/min, eta 52 min)
  L18 H5   acc=0.600  delta=-0.007   (38/192, 3.0/min, eta 51 min)
  L18 H6   acc=0.633  delta=+0.027   (39/192, 3.0/min, eta 51 min)
  L18 H7   acc=0.580  delta=-0.027   (40/192, 3.0/min, eta 51 min)
  L18 H8   acc=0.613  delta=+0.007   (41/192, 3.0/min, eta 50 min)
  L18 H9   acc=0.533  delta=-0.073   (42/192, 3.0/min, eta 50 min)
  L18 H10  acc=0.587  delta=-0.020   (43/192, 3.0/min, eta 50 min)
  L18 H11  acc=0.640  delta=+0.033   (44/192, 3.0/min, eta 49 min)
  L18 H12  acc=0.607  delta=+0.000   (45/192, 3.0/min, eta 49 min)
  L18 H13  acc=0.607  delta=+0.000   (46/192, 3.0/min, eta 49 min)
  L18 H14  acc=0.600  delta=-0.007   (47/192, 3.0/min, eta 48 min)
  L18 H15  acc=0.607  delta=+0.000   (48/192, 3.0/min, eta 48 min)
  L18 H16  acc=0.627  delta=+0.020   (49/192, 3.0/min, eta 48 min)
  L18 H17  acc=0.593  delta=-0.013   (50/192, 3.0/min, eta 47 min)
  L18 H18  acc=0.627  delta=+0.020   (51/192, 3.0/min, eta 47 min)
  L18 H19  acc=0.607  delta=+0.000   (52/192, 3.0/min, eta 47 min)
  L18 H20  acc=0.613  delta=+0.007   (53/192, 3.0/min, eta 46 min)
  L18 H21  acc=0.607  delta=+0.000   (54/192, 3.0/min, eta 46 min)
  L18 H22  acc=0.620  delta=+0.013   (55/192, 3.0/min, eta 46 min)
  L18 H23  acc=0.607  delta=+0.000   (56/192, 3.0/min, eta 45 min)
  L18 H24  acc=0.633  delta=+0.027   (57/192, 3.0/min, eta 45 min)
  L18 H25  acc=0.613  delta=+0.007   (58/192, 3.0/min, eta 45 min)
  L18 H26  acc=0.613  delta=+0.007   (59/192, 3.0/min, eta 44 min)
  L18 H27  acc=0.607  delta=+0.000   (60/192, 3.0/min, eta 44 min)
  L18 H28  acc=0.607  delta=+0.000   (61/192, 3.0/min, eta 44 min)
  L18 H29  acc=0.633  delta=+0.027   (62/192, 3.0/min, eta 43 min)
  L18 H30  acc=0.640  delta=+0.033   (63/192, 3.0/min, eta 43 min)
  L18 H31  acc=0.560  delta=-0.047   (64/192, 3.0/min, eta 43 min)
  L19 H0   acc=0.607  delta=+0.000   (65/192, 3.0/min, eta 42 min)
  L19 H1   acc=0.600  delta=-0.007   (66/192, 3.0/min, eta 42 min)
  L19 H2   acc=0.613  delta=+0.007   (67/192, 3.0/min, eta 42 min)
  L19 H3   acc=0.607  delta=+0.000   (68/192, 3.0/min, eta 41 min)
  L19 H4   acc=0.600  delta=-0.007   (69/192, 3.0/min, eta 41 min)
  L19 H5   acc=0.607  delta=+0.000   (70/192, 3.0/min, eta 41 min)
  L19 H6   acc=0.607  delta=+0.000   (71/192, 3.0/min, eta 40 min)
  L19 H7   acc=0.607  delta=+0.000   (72/192, 3.0/min, eta 40 min)
  L19 H8   acc=0.487  delta=-0.120   (73/192, 3.0/min, eta 40 min)
  L19 H9   acc=0.580  delta=-0.027   (74/192, 3.0/min, eta 39 min)
  L19 H10  acc=0.760  delta=+0.153   (75/192, 3.0/min, eta 39 min)
  L19 H11  acc=0.607  delta=+0.000   (76/192, 3.0/min, eta 39 min)
  L19 H12  acc=0.607  delta=+0.000   (77/192, 3.0/min, eta 38 min)
  L19 H13  acc=0.627  delta=+0.020   (78/192, 3.0/min, eta 38 min)
  L19 H14  acc=0.627  delta=+0.020   (79/192, 3.0/min, eta 38 min)
  L19 H15  acc=0.607  delta=+0.000   (80/192, 3.0/min, eta 37 min)
  L19 H16  acc=0.593  delta=-0.013   (81/192, 3.0/min, eta 37 min)
  L19 H17  acc=0.627  delta=+0.020   (82/192, 3.0/min, eta 37 min)
  L19 H18  acc=0.593  delta=-0.013   (83/192, 3.0/min, eta 36 min)
  L19 H19  acc=0.620  delta=+0.013   (84/192, 3.0/min, eta 36 min)
  L19 H20  acc=0.607  delta=+0.000   (85/192, 3.0/min, eta 36 min)
  L19 H21  acc=0.593  delta=-0.013   (86/192, 3.0/min, eta 35 min)
  L19 H22  acc=0.613  delta=+0.007   (87/192, 3.0/min, eta 35 min)
  L19 H23  acc=0.607  delta=+0.000   (88/192, 3.0/min, eta 35 min)
  L19 H24  acc=0.600  delta=-0.007   (89/192, 3.0/min, eta 34 min)
  L19 H25  acc=0.607  delta=+0.000   (90/192, 3.0/min, eta 34 min)
  L19 H26  acc=0.607  delta=+0.000   (91/192, 3.0/min, eta 34 min)
  L19 H27  acc=0.613  delta=+0.007   (92/192, 3.0/min, eta 33 min)
  L19 H28  acc=0.607  delta=+0.000   (93/192, 3.0/min, eta 33 min)
  L19 H29  acc=0.607  delta=+0.000   (94/192, 3.0/min, eta 33 min)
  L19 H30  acc=0.607  delta=+0.000   (95/192, 3.0/min, eta 32 min)
  L19 H31  acc=0.607  delta=+0.000   (96/192, 3.0/min, eta 32 min)
  L20 H0   acc=0.607  delta=+0.000   (97/192, 3.0/min, eta 32 min)
  L20 H1   acc=0.613  delta=+0.007   (98/192, 3.0/min, eta 31 min)
  L20 H2   acc=0.600  delta=-0.007   (99/192, 3.0/min, eta 31 min)
  L20 H3   acc=0.607  delta=+0.000   (100/192, 3.0/min, eta 31 min)
  L20 H4   acc=0.607  delta=+0.000   (101/192, 3.0/min, eta 30 min)
  L20 H5   acc=0.607  delta=+0.000   (102/192, 3.0/min, eta 30 min)
  L20 H6   acc=0.613  delta=+0.007   (103/192, 3.0/min, eta 30 min)
  L20 H7   acc=0.593  delta=-0.013   (104/192, 3.0/min, eta 29 min)
  L20 H8   acc=0.593  delta=-0.013   (105/192, 3.0/min, eta 29 min)
  L20 H9   acc=0.620  delta=+0.013   (106/192, 3.0/min, eta 29 min)
  L20 H10  acc=0.607  delta=+0.000   (107/192, 3.0/min, eta 28 min)
  L20 H11  acc=0.613  delta=+0.007   (108/192, 3.0/min, eta 28 min)
  L20 H12  acc=0.607  delta=+0.000   (109/192, 3.0/min, eta 28 min)
  L20 H13  acc=0.607  delta=+0.000   (110/192, 3.0/min, eta 27 min)
  L20 H14  acc=0.627  delta=+0.020   (111/192, 3.0/min, eta 27 min)
  L20 H15  acc=0.620  delta=+0.013   (112/192, 3.0/min, eta 27 min)
  L20 H16  acc=0.613  delta=+0.007   (113/192, 3.0/min, eta 26 min)
  L20 H17  acc=0.607  delta=+0.000   (114/192, 3.0/min, eta 26 min)
  L20 H18  acc=0.607  delta=+0.000   (115/192, 3.0/min, eta 26 min)
  L20 H19  acc=0.613  delta=+0.007   (116/192, 3.0/min, eta 25 min)
  L20 H20  acc=0.580  delta=-0.027   (117/192, 3.0/min, eta 25 min)
  L20 H21  acc=0.560  delta=-0.047   (118/192, 3.0/min, eta 25 min)
  L20 H22  acc=0.593  delta=-0.013   (119/192, 3.0/min, eta 24 min)
  L20 H23  acc=0.633  delta=+0.027   (120/192, 3.0/min, eta 24 min)
  L20 H24  acc=0.607  delta=+0.000   (121/192, 3.0/min, eta 24 min)
  L20 H25  acc=0.607  delta=+0.000   (122/192, 3.0/min, eta 23 min)
  L20 H26  acc=0.620  delta=+0.013   (123/192, 3.0/min, eta 23 min)
  L20 H27  acc=0.613  delta=+0.007   (124/192, 3.0/min, eta 23 min)
  L20 H28  acc=0.600  delta=-0.007   (125/192, 3.0/min, eta 22 min)
  L20 H29  acc=0.607  delta=+0.000   (126/192, 3.0/min, eta 22 min)
  L20 H30  acc=0.607  delta=+0.000   (127/192, 3.0/min, eta 22 min)
  L20 H31  acc=0.607  delta=+0.000   (128/192, 3.0/min, eta 21 min)
  L21 H0   acc=0.613  delta=+0.007   (129/192, 3.0/min, eta 21 min)
  L21 H1   acc=0.613  delta=+0.007   (130/192, 3.0/min, eta 21 min)
  L21 H2   acc=0.593  delta=-0.013   (131/192, 3.0/min, eta 20 min)
  L21 H3   acc=0.593  delta=-0.013   (132/192, 3.0/min, eta 20 min)
  L21 H4   acc=0.607  delta=+0.000   (133/192, 3.0/min, eta 20 min)
  L21 H5   acc=0.607  delta=+0.000   (134/192, 3.0/min, eta 19 min)
  L21 H6   acc=0.620  delta=+0.013   (135/192, 3.0/min, eta 19 min)
  L21 H7   acc=0.607  delta=+0.000   (136/192, 3.0/min, eta 19 min)
  L21 H8   acc=0.607  delta=+0.000   (137/192, 3.0/min, eta 18 min)
  L21 H9   acc=0.633  delta=+0.027   (138/192, 3.0/min, eta 18 min)
  L21 H10  acc=0.620  delta=+0.013   (139/192, 3.0/min, eta 18 min)
  L21 H11  acc=0.560  delta=-0.047   (140/192, 3.0/min, eta 17 min)
  L21 H12  acc=0.607  delta=+0.000   (141/192, 3.0/min, eta 17 min)
  L21 H13  acc=0.607  delta=+0.000   (142/192, 3.0/min, eta 17 min)
  L21 H14  acc=0.607  delta=+0.000   (143/192, 3.0/min, eta 16 min)
  L21 H15  acc=0.607  delta=+0.000   (144/192, 3.0/min, eta 16 min)
  L21 H16  acc=0.607  delta=+0.000   (145/192, 3.0/min, eta 16 min)
  L21 H17  acc=0.607  delta=+0.000   (146/192, 3.0/min, eta 15 min)
  L21 H18  acc=0.613  delta=+0.007   (147/192, 3.0/min, eta 15 min)
  L21 H19  acc=0.600  delta=-0.007   (148/192, 3.0/min, eta 15 min)
  L21 H20  acc=0.607  delta=+0.000   (149/192, 3.0/min, eta 14 min)
  L21 H21  acc=0.607  delta=+0.000   (150/192, 3.0/min, eta 14 min)
  L21 H22  acc=0.607  delta=+0.000   (151/192, 3.0/min, eta 14 min)
  L21 H23  acc=0.607  delta=+0.000   (152/192, 3.0/min, eta 13 min)
  L21 H24  acc=0.607  delta=+0.000   (153/192, 3.0/min, eta 13 min)
  L21 H25  acc=0.607  delta=+0.000   (154/192, 3.0/min, eta 13 min)
  L21 H26  acc=0.607  delta=+0.000   (155/192, 3.0/min, eta 12 min)
  L21 H27  acc=0.607  delta=+0.000   (156/192, 3.0/min, eta 12 min)
  L21 H28  acc=0.607  delta=+0.000   (157/192, 3.0/min, eta 12 min)
  L21 H29  acc=0.607  delta=+0.000   (158/192, 3.0/min, eta 11 min)
  L21 H30  acc=0.607  delta=+0.000   (159/192, 3.0/min, eta 11 min)
  L21 H31  acc=0.613  delta=+0.007   (160/192, 3.0/min, eta 11 min)
  L22 H0   acc=0.607  delta=+0.000   (161/192, 3.0/min, eta 10 min)
  L22 H1   acc=0.607  delta=+0.000   (162/192, 3.0/min, eta 10 min)
  L22 H2   acc=0.607  delta=+0.000   (163/192, 3.0/min, eta 10 min)
  L22 H3   acc=0.607  delta=+0.000   (164/192, 3.0/min, eta 9 min)
  L22 H4   acc=0.613  delta=+0.007   (165/192, 3.0/min, eta 9 min)
  L22 H5   acc=0.607  delta=+0.000   (166/192, 3.0/min, eta 9 min)
  L22 H6   acc=0.607  delta=+0.000   (167/192, 3.0/min, eta 8 min)
  L22 H7   acc=0.607  delta=+0.000   (168/192, 3.0/min, eta 8 min)
  L22 H8   acc=0.607  delta=+0.000   (169/192, 3.0/min, eta 8 min)
  L22 H9   acc=0.607  delta=+0.000   (170/192, 3.0/min, eta 7 min)
  L22 H10  acc=0.607  delta=+0.000   (171/192, 3.0/min, eta 7 min)
  L22 H11  acc=0.613  delta=+0.007   (172/192, 3.0/min, eta 7 min)
  L22 H12  acc=0.613  delta=+0.007   (173/192, 3.0/min, eta 6 min)
  L22 H13  acc=0.620  delta=+0.013   (174/192, 3.0/min, eta 6 min)
  L22 H14  acc=0.607  delta=+0.000   (175/192, 3.0/min, eta 6 min)
  L22 H15  acc=0.607  delta=+0.000   (176/192, 3.0/min, eta 5 min)
  L22 H16  acc=0.607  delta=+0.000   (177/192, 3.0/min, eta 5 min)
  L22 H17  acc=0.607  delta=+0.000   (178/192, 3.0/min, eta 5 min)
  L22 H18  acc=0.607  delta=+0.000   (179/192, 3.0/min, eta 4 min)
  L22 H19  acc=0.607  delta=+0.000   (180/192, 3.0/min, eta 4 min)
  L22 H20  acc=0.607  delta=+0.000   (181/192, 3.0/min, eta 4 min)
  L22 H21  acc=0.607  delta=+0.000   (182/192, 3.0/min, eta 3 min)
  L22 H22  acc=0.607  delta=+0.000   (183/192, 3.0/min, eta 3 min)
  L22 H23  acc=0.620  delta=+0.013   (184/192, 3.0/min, eta 3 min)
  L22 H24  acc=0.613  delta=+0.007   (185/192, 3.0/min, eta 2 min)
  L22 H25  acc=0.607  delta=+0.000   (186/192, 3.0/min, eta 2 min)
  L22 H26  acc=0.607  delta=+0.000   (187/192, 3.0/min, eta 2 min)
  L22 H27  acc=0.607  delta=+0.000   (188/192, 3.0/min, eta 1 min)
  L22 H28  acc=0.607  delta=+0.000   (189/192, 3.0/min, eta 1 min)
  L22 H29  acc=0.613  delta=+0.007   (190/192, 3.0/min, eta 1 min)
  L22 H30  acc=0.587  delta=-0.020   (191/192, 3.0/min, eta 0 min)
  L22 H31  acc=0.607  delta=+0.000   (192/192, 3.0/min, eta 0 min)

largest drops:
  L19 H8   -0.120  (acc 0.487)
  L18 H9   -0.073  (acc 0.533)
  L17 H24  -0.053  (acc 0.553)
  L17 H27  -0.053  (acc 0.553)
  L17 H26  -0.047  (acc 0.560)
  L18 H31  -0.047  (acc 0.560)
  L20 H21  -0.047  (acc 0.560)
  L21 H11  -0.047  (acc 0.560)
  L17 H17  -0.040  (acc 0.567)
  L17 H9   -0.027  (acc 0.580)
  L18 H7   -0.027  (acc 0.580)
  L19 H9   -0.027  (acc 0.580)
  L20 H20  -0.027  (acc 0.580)
  L17 H11  -0.020  (acc 0.587)
  L17 H12  -0.020  (acc 0.587)

largest gains:
  L19 H10  +0.153  (acc 0.760)
  L17 H2   +0.107  (acc 0.713)
  L17 H21  +0.093  (acc 0.700)
  L17 H19  +0.087  (acc 0.693)
  L17 H0   +0.040  (acc 0.647)
  L18 H30  +0.033  (acc 0.640)
  L18 H11  +0.033  (acc 0.640)
  L18 H0   +0.033  (acc 0.640)
  L17 H13  +0.033  (acc 0.640)
  L21 H9   +0.027  (acc 0.633)

wrote reports/ablate_mistral_L17-22.json
note: layer indices here are decoder blocks; block L is residual layer L+1
