nohup: ignoring input
waiting for reports/steer_cleft_bf16.json since Fri Oct  2 01:15:50 AM CEST 2026
real direction starting Fri Oct  2 08:45:50 AM CEST 2026
/local/s4566319/MasterThesis/steer_pilot.py:118: FutureWarning: You are using `torch.load` with `weights_only=False` (the current default value), which uses the default pickle module implicitly. It is possible to construct malicious pickle data which will execute arbitrary code during unpickling (See https://github.com/pytorch/pytorch/blob/main/SECURITY.md#untrusted-models for more details). In a future release, the default value for `weights_only` will be flipped to `True`. This limits the functions that could be executed during unpickling. Arbitrary objects will no longer be allowed to be loaded via this mode unless they are explicitly allowlisted by the user via `torch.serialization.add_safe_globals`. We recommend you start setting `weights_only=True` for any use case where you don't have full control of the loaded file. Please open an issue on GitHub for any issues related to this experimental feature.
  payload = torch.load(args.vectors, map_location="cpu")
Loading checkpoint shards:   0%|          | 0/3 [00:00<?, ?it/s]Loading checkpoint shards:  33%|███▎      | 1/3 [00:01<00:02,  1.48s/it]Loading checkpoint shards:  67%|██████▋   | 2/3 [00:02<00:01,  1.49s/it]Loading checkpoint shards: 100%|██████████| 3/3 [00:04<00:00,  1.43s/it]Loading checkpoint shards: 100%|██████████| 3/3 [00:04<00:00,  1.45s/it]

layer 22, mean residual norm 9.5
  coeff -0.40 x norm   acc=0.760  [0.686, 0.821]  {'contradiction': 52, 'entailment': 98}
  coeff -0.20 x norm   acc=0.700  [0.622, 0.768]  {'contradiction': 67, 'entailment': 83}
  coeff -0.10 x norm   acc=0.640  [0.561, 0.712]  {'contradiction': 70, 'entailment': 80}
  coeff +0.00 x norm   acc=0.607  [0.527, 0.681]  {'contradiction': 81, 'entailment': 69}
  coeff +0.10 x norm   acc=0.587  [0.507, 0.662]  {'contradiction': 84, 'entailment': 66}
  coeff +0.20 x norm   acc=0.540  [0.460, 0.618]  {'contradiction': 87, 'entailment': 63}
  coeff +0.40 x norm   acc=0.507  [0.427, 0.586]  {'contradiction': 88, 'entailment': 62}

wrote reports/steer_all_L22_rerun.json
baseline for comparison: 0.485 unsteered, chance is 0.500
random seed 1 starting Fri Oct  2 08:48:21 AM CEST 2026
/local/s4566319/MasterThesis/steer_pilot.py:118: FutureWarning: You are using `torch.load` with `weights_only=False` (the current default value), which uses the default pickle module implicitly. It is possible to construct malicious pickle data which will execute arbitrary code during unpickling (See https://github.com/pytorch/pytorch/blob/main/SECURITY.md#untrusted-models for more details). In a future release, the default value for `weights_only` will be flipped to `True`. This limits the functions that could be executed during unpickling. Arbitrary objects will no longer be allowed to be loaded via this mode unless they are explicitly allowlisted by the user via `torch.serialization.add_safe_globals`. We recommend you start setting `weights_only=True` for any use case where you don't have full control of the loaded file. Please open an issue on GitHub for any issues related to this experimental feature.
  payload = torch.load(args.vectors, map_location="cpu")
Loading checkpoint shards:   0%|          | 0/3 [00:00<?, ?it/s]Loading checkpoint shards:  33%|███▎      | 1/3 [00:01<00:03,  1.55s/it]Loading checkpoint shards:  67%|██████▋   | 2/3 [00:03<00:01,  1.57s/it]Loading checkpoint shards: 100%|██████████| 3/3 [00:04<00:00,  1.50s/it]Loading checkpoint shards: 100%|██████████| 3/3 [00:04<00:00,  1.52s/it]

layer 22, mean residual norm 9.5
  coeff -0.40 x norm   acc=0.573  [0.493, 0.650]  {'contradiction': 86, 'entailment': 64}
  coeff -0.20 x norm   acc=0.593  [0.513, 0.669]  {'contradiction': 83, 'entailment': 67}
  coeff -0.10 x norm   acc=0.600  [0.520, 0.675]  {'contradiction': 82, 'entailment': 68}
  coeff +0.00 x norm   acc=0.607  [0.527, 0.681]  {'contradiction': 81, 'entailment': 69}
  coeff +0.10 x norm   acc=0.607  [0.527, 0.681]  {'contradiction': 81, 'entailment': 69}
  coeff +0.20 x norm   acc=0.607  [0.527, 0.681]  {'contradiction': 81, 'entailment': 69}
  coeff +0.40 x norm   acc=0.587  [0.507, 0.662]  {'contradiction': 84, 'entailment': 66}

wrote reports/random_all_L22_s1.json
baseline for comparison: 0.485 unsteered, chance is 0.500
random seed 2 starting Fri Oct  2 08:50:52 AM CEST 2026
/local/s4566319/MasterThesis/steer_pilot.py:118: FutureWarning: You are using `torch.load` with `weights_only=False` (the current default value), which uses the default pickle module implicitly. It is possible to construct malicious pickle data which will execute arbitrary code during unpickling (See https://github.com/pytorch/pytorch/blob/main/SECURITY.md#untrusted-models for more details). In a future release, the default value for `weights_only` will be flipped to `True`. This limits the functions that could be executed during unpickling. Arbitrary objects will no longer be allowed to be loaded via this mode unless they are explicitly allowlisted by the user via `torch.serialization.add_safe_globals`. We recommend you start setting `weights_only=True` for any use case where you don't have full control of the loaded file. Please open an issue on GitHub for any issues related to this experimental feature.
  payload = torch.load(args.vectors, map_location="cpu")
Loading checkpoint shards:   0%|          | 0/3 [00:00<?, ?it/s]Loading checkpoint shards:  33%|███▎      | 1/3 [00:01<00:02,  1.37s/it]Loading checkpoint shards:  67%|██████▋   | 2/3 [00:02<00:01,  1.39s/it]Loading checkpoint shards: 100%|██████████| 3/3 [00:04<00:00,  1.33s/it]Loading checkpoint shards: 100%|██████████| 3/3 [00:04<00:00,  1.34s/it]

layer 22, mean residual norm 9.5
  coeff -0.40 x norm   acc=0.620  [0.540, 0.694]  {'contradiction': 77, 'entailment': 73}
  coeff -0.20 x norm   acc=0.607  [0.527, 0.681]  {'contradiction': 79, 'entailment': 71}
  coeff -0.10 x norm   acc=0.607  [0.527, 0.681]  {'contradiction': 81, 'entailment': 69}
  coeff +0.00 x norm   acc=0.607  [0.527, 0.681]  {'contradiction': 81, 'entailment': 69}
  coeff +0.10 x norm   acc=0.600  [0.520, 0.675]  {'contradiction': 82, 'entailment': 68}
  coeff +0.20 x norm   acc=0.600  [0.520, 0.675]  {'contradiction': 82, 'entailment': 68}
  coeff +0.40 x norm   acc=0.580  [0.500, 0.656]  {'contradiction': 83, 'entailment': 67}

wrote reports/random_all_L22_s2.json
baseline for comparison: 0.485 unsteered, chance is 0.500
random seed 3 starting Fri Oct  2 08:53:23 AM CEST 2026
/local/s4566319/MasterThesis/steer_pilot.py:118: FutureWarning: You are using `torch.load` with `weights_only=False` (the current default value), which uses the default pickle module implicitly. It is possible to construct malicious pickle data which will execute arbitrary code during unpickling (See https://github.com/pytorch/pytorch/blob/main/SECURITY.md#untrusted-models for more details). In a future release, the default value for `weights_only` will be flipped to `True`. This limits the functions that could be executed during unpickling. Arbitrary objects will no longer be allowed to be loaded via this mode unless they are explicitly allowlisted by the user via `torch.serialization.add_safe_globals`. We recommend you start setting `weights_only=True` for any use case where you don't have full control of the loaded file. Please open an issue on GitHub for any issues related to this experimental feature.
  payload = torch.load(args.vectors, map_location="cpu")
Loading checkpoint shards:   0%|          | 0/3 [00:00<?, ?it/s]Loading checkpoint shards:  33%|███▎      | 1/3 [00:01<00:02,  1.33s/it]Loading checkpoint shards:  67%|██████▋   | 2/3 [00:02<00:01,  1.34s/it]Loading checkpoint shards: 100%|██████████| 3/3 [00:03<00:00,  1.29s/it]Loading checkpoint shards: 100%|██████████| 3/3 [00:03<00:00,  1.30s/it]

layer 22, mean residual norm 9.5
  coeff -0.40 x norm   acc=0.587  [0.507, 0.662]  {'contradiction': 84, 'entailment': 66}
  coeff -0.20 x norm   acc=0.580  [0.500, 0.656]  {'contradiction': 83, 'entailment': 67}
  coeff -0.10 x norm   acc=0.607  [0.527, 0.681]  {'contradiction': 81, 'entailment': 69}
  coeff +0.00 x norm   acc=0.607  [0.527, 0.681]  {'contradiction': 81, 'entailment': 69}
  coeff +0.10 x norm   acc=0.607  [0.527, 0.681]  {'contradiction': 81, 'entailment': 69}
  coeff +0.20 x norm   acc=0.613  [0.533, 0.688]  {'contradiction': 80, 'entailment': 70}
  coeff +0.40 x norm   acc=0.593  [0.513, 0.669]  {'contradiction': 83, 'entailment': 67}

wrote reports/random_all_L22_s3.json
baseline for comparison: 0.485 unsteered, chance is 0.500
all finished Fri Oct  2 08:55:54 AM CEST 2026
