nohup: ignoring input
waiting for GPU 1 since Fri Oct  2 12:53:09 AM CEST 2026
starting on GPU 1 at Fri Oct  2 08:33:12 AM CEST 2026
/local/s4566319/MasterThesis/steer_para.py:114: FutureWarning: You are using `torch.load` with `weights_only=False` (the current default value), which uses the default pickle module implicitly. It is possible to construct malicious pickle data which will execute arbitrary code during unpickling (See https://github.com/pytorch/pytorch/blob/main/SECURITY.md#untrusted-models for more details). In a future release, the default value for `weights_only` will be flipped to `True`. This limits the functions that could be executed during unpickling. Arbitrary objects will no longer be allowed to be loaded via this mode unless they are explicitly allowlisted by the user via `torch.serialization.add_safe_globals`. We recommend you start setting `weights_only=True` for any use case where you don't have full control of the loaded file. Please open an issue on GitHub for any issues related to this experimental feature.
  payload = torch.load(args.vectors, map_location="cpu")
Loading checkpoint shards:   0%|          | 0/3 [00:00<?, ?it/s]Loading checkpoint shards:  33%|███▎      | 1/3 [00:04<00:09,  4.77s/it]Loading checkpoint shards:  67%|██████▋   | 2/3 [00:09<00:04,  4.77s/it]Loading checkpoint shards: 100%|██████████| 3/3 [00:13<00:00,  4.45s/it]Loading checkpoint shards: 100%|██████████| 3/3 [00:13<00:00,  4.53s/it]

data/para_orig.jsonl   n=200   demos rephrased to: orig
  layer 22, mean residual norm 9.5
    coeff -0.40  acc=0.675 [0.607, 0.736]   ent=0.679  con=0.670   margin ent=+2.03  con=+1.50
    coeff -0.20  acc=0.660 [0.592, 0.722]   ent=0.643  con=0.682   margin ent=+2.09  con=+1.49
    coeff -0.10  acc=0.650 [0.582, 0.713]   ent=0.634  con=0.670   margin ent=+2.08  con=+1.47
    coeff +0.00  acc=0.630 [0.561, 0.694]   ent=0.607  con=0.659   margin ent=+2.05  con=+1.46
    coeff +0.10  acc=0.615 [0.546, 0.680]   ent=0.589  con=0.648   margin ent=+2.01  con=+1.47
    coeff +0.20  acc=0.610 [0.541, 0.675]   ent=0.580  con=0.648   margin ent=+1.98  con=+1.44
    coeff +0.40  acc=0.610 [0.541, 0.675]   ent=0.571  con=0.659   margin ent=+1.94  con=+1.40

data/para_never.jsonl   n=200   demos rephrased to: never
  layer 22, mean residual norm 9.5
    coeff -0.40  acc=0.555 [0.486, 0.622]   ent=0.741  con=0.318   margin ent=+2.73  con=-0.75
    coeff -0.20  acc=0.495 [0.426, 0.564]   ent=0.652  con=0.295   margin ent=+2.79  con=-0.78
    coeff -0.10  acc=0.480 [0.412, 0.549]   ent=0.634  con=0.284   margin ent=+2.79  con=-0.82
    coeff +0.00  acc=0.475 [0.407, 0.544]   ent=0.634  con=0.273   margin ent=+2.75  con=-0.82
    coeff +0.10  acc=0.470 [0.402, 0.539]   ent=0.616  con=0.284   margin ent=+2.70  con=-0.83
    coeff +0.20  acc=0.465 [0.397, 0.534]   ent=0.598  con=0.295   margin ent=+2.65  con=-0.84
    coeff +0.40  acc=0.455 [0.387, 0.524]   ent=0.571  con=0.307   margin ent=+2.60  con=-0.82

data/para_cleft.jsonl   n=200   demos rephrased to: cleft
  layer 22, mean residual norm 9.6
    coeff -0.40  acc=0.595 [0.526, 0.661]   ent=0.438  con=0.795   margin ent=+1.14  con=+1.42
    coeff -0.20  acc=0.585 [0.516, 0.651]   ent=0.438  con=0.773   margin ent=+1.21  con=+1.40
    coeff -0.10  acc=0.585 [0.516, 0.651]   ent=0.438  con=0.773   margin ent=+1.24  con=+1.38
    coeff +0.00  acc=0.575 [0.506, 0.641]   ent=0.438  con=0.750   margin ent=+1.26  con=+1.38
    coeff +0.10  acc=0.580 [0.511, 0.646]   ent=0.438  con=0.761   margin ent=+1.28  con=+1.37
    coeff +0.20  acc=0.585 [0.516, 0.651]   ent=0.438  con=0.773   margin ent=+1.27  con=+1.33
    coeff +0.40  acc=0.580 [0.511, 0.646]   ent=0.429  con=0.773   margin ent=+1.29  con=+1.31

wrote reports/steer_cleft_mixed.json
compare against the unsteered coeff 0.00 row in each block
finished at Fri Oct  2 08:42:39 AM CEST 2026
