/local/s4566319/MasterThesis/steer_para.py:87: FutureWarning: You are using `torch.load` with `weights_only=False` (the current default value), which uses the default pickle module implicitly. It is possible to construct malicious pickle data which will execute arbitrary code during unpickling (See https://github.com/pytorch/pytorch/blob/main/SECURITY.md#untrusted-models for more details). In a future release, the default value for `weights_only` will be flipped to `True`. This limits the functions that could be executed during unpickling. Arbitrary objects will no longer be allowed to be loaded via this mode unless they are explicitly allowlisted by the user via `torch.serialization.add_safe_globals`. We recommend you start setting `weights_only=True` for any use case where you don't have full control of the loaded file. Please open an issue on GitHub for any issues related to this experimental feature.
  payload = torch.load(args.vectors, map_location="cpu")
Loading checkpoint shards:   0%|          | 0/3 [00:00<?, ?it/s]Loading checkpoint shards:  33%|███▎      | 1/3 [00:01<00:02,  1.47s/it]Loading checkpoint shards:  67%|██████▋   | 2/3 [00:02<00:01,  1.45s/it]Loading checkpoint shards: 100%|██████████| 3/3 [00:04<00:00,  1.39s/it]Loading checkpoint shards: 100%|██████████| 3/3 [00:04<00:00,  1.41s/it]

data/para_never.jsonl   n=200   demos rephrased to: never
  layer 18, mean residual norm 6.3
    coeff -0.40  acc=0.605 [0.536, 0.670]   ent=1.000  con=0.102
    coeff -0.20  acc=0.620 [0.551, 0.684]   ent=0.982  con=0.159
    coeff -0.10  acc=0.585 [0.516, 0.651]   ent=0.866  con=0.227
    coeff +0.00  acc=0.475 [0.407, 0.544]   ent=0.634  con=0.273
    coeff +0.10  acc=0.430 [0.363, 0.499]   ent=0.464  con=0.386
    coeff +0.20  acc=0.415 [0.349, 0.484]   ent=0.429  con=0.398
    coeff +0.40  acc=0.410 [0.344, 0.479]   ent=0.429  con=0.386
  layer 22, mean residual norm 9.5
    coeff -0.40  acc=0.675 [0.607, 0.736]   ent=0.920  con=0.364
    coeff -0.20  acc=0.605 [0.536, 0.670]   ent=0.812  con=0.341
    coeff -0.10  acc=0.565 [0.496, 0.632]   ent=0.750  con=0.330
    coeff +0.00  acc=0.475 [0.407, 0.544]   ent=0.634  con=0.273
    coeff +0.10  acc=0.445 [0.378, 0.514]   ent=0.562  con=0.295
    coeff +0.20  acc=0.430 [0.363, 0.499]   ent=0.527  con=0.307
    coeff +0.40  acc=0.410 [0.344, 0.479]   ent=0.464  con=0.341

data/para_not_been.jsonl   n=200   demos rephrased to: not_been
  layer 18, mean residual norm 6.4
    coeff -0.40  acc=0.765 [0.702, 0.818]   ent=1.000  con=0.466
    coeff -0.20  acc=0.775 [0.712, 0.827]   ent=0.991  con=0.500
    coeff -0.10  acc=0.825 [0.766, 0.871]   ent=0.973  con=0.636
    coeff +0.00  acc=0.760 [0.696, 0.814]   ent=0.795  con=0.716
    coeff +0.10  acc=0.635 [0.566, 0.699]   ent=0.527  con=0.773
    coeff +0.20  acc=0.600 [0.531, 0.665]   ent=0.438  con=0.807
    coeff +0.40  acc=0.530 [0.461, 0.598]   ent=0.429  con=0.659
  layer 22, mean residual norm 9.6
    coeff -0.40  acc=0.855 [0.800, 0.897]   ent=0.973  con=0.705
    coeff -0.20  acc=0.840 [0.783, 0.884]   ent=0.938  con=0.716
    coeff -0.10  acc=0.815 [0.755, 0.863]   ent=0.857  con=0.761
    coeff +0.00  acc=0.760 [0.696, 0.814]   ent=0.795  con=0.716
    coeff +0.10  acc=0.735 [0.670, 0.791]   ent=0.750  con=0.716
    coeff +0.20  acc=0.680 [0.612, 0.741]   ent=0.670  con=0.693
    coeff +0.40  acc=0.575 [0.506, 0.641]   ent=0.482  con=0.693

wrote reports/steer_para.json
compare against the unsteered coeff 0.00 row in each block
